// Jest Snapshot v1, https://goo.gl/fbAQLP

exports[`TodoList displays submitted todos in the ui as list items ordered by date created ascending 1`] = `
<DocumentFragment>
  <ul
    class="flex flex-col gap-2 p-2 pr-4 overflow-y-auto border h-96 w-80 border-primary-dark rounded-xl bg-primary-dark-disabled"
  >
    <li
      class="relative border border-primary-dark rounded-lg p-2 truncate group bg-white border-primary-dark text-primary-dark"
    >
      My Todo 1
      <span
        class="absolute transition-opacity -translate-y-1/2 opacity-0 right-2 top-1/2 group-hover:opacity-100"
      >
        <button
          class="inline text-white font-medium bg-primary-dark border cursor-pointer select-none border-primary-dark disabled:bg-primary-dark-disabled disabled:cursor-not-allowed focus:outline-none focus:border-accent text-xs py-1 px-1.5 rounded-md"
          type="button"
        >
          Complete
        </button>
      </span>
    </li>
    <li
      class="relative border border-primary-dark rounded-lg p-2 truncate group bg-white border-primary-dark text-primary-dark"
    >
      My Todo 2
      <span
        class="absolute transition-opacity -translate-y-1/2 opacity-0 right-2 top-1/2 group-hover:opacity-100"
      >
        <button
          class="inline text-white font-medium bg-primary-dark border cursor-pointer select-none border-primary-dark disabled:bg-primary-dark-disabled disabled:cursor-not-allowed focus:outline-none focus:border-accent text-xs py-1 px-1.5 rounded-md"
          type="button"
        >
          Complete
        </button>
      </span>
    </li>
  </ul>
</DocumentFragment>
`;

exports[`TodoList renders without error 1`] = `
<DocumentFragment>
  <ul
    class="flex flex-col gap-2 p-2 pr-4 overflow-y-auto border h-96 w-80 border-primary-dark rounded-xl bg-primary-dark-disabled"
  />
</DocumentFragment>
`;
